=== Init ===
#1 capital=26,15
#3 treasury=8000, troops=3000, pop=550000
#2 zyz treasury=8000, troops=3000
#4 recruit 500: 指令「recruit」已纳入待办
#6 train 100: 指令「train_troops」已纳入待办
#10 quicksave slot=4, round=0
#8 strategic advice: requesting...
#8 advice: 【天下大势】
元室衰微，群雄并起，主公初起濠梁，地狭兵寡，当以积蓄实力为要，不可轻举妄动。

【军事方略】
主公现无寸土之基，当先募乡勇五百，屯于濠州城外，操练...
#7 advance turn: requesting...
